// Jest Snapshot v1, https://goo.gl/fbAQLP

exports[`renders 1`] = `
<div>
  <p>
    Loading...
  </p>
</div>
`;

exports[`renders 2`] = `
<div>
  <p>
    Service not found.
  </p>
</div>
`;
